<!DOCTYPE html>
<html lang="en">
<head>
    <meta charset="UTF-8">
    <title>test twig</title>
</head>
<body>

</body>
</html>
